// Jest Snapshot v1, https://goo.gl/fbAQLP

exports[`fetchApiKeys() dispatches the correct action when no keys are present 1`] = `
Array [
  Object {
    "meta": Object {
      "method": "GET",
      "url": "/api-keys",
    },
    "type": "FETCH_API_KEYS",
  },
]
`;

exports[`fetchApiKeys() does not dispatch when keys are present 1`] = `Array []`;
